✔ finding alone, failed/incomplete tool execution and terminal error cannot be evidence (1.752925ms)
✔ Codex evidence emits fixed normalized fields without transcript or review contents (0.741714ms)
✔ wallet read accepts exact cat and both supported prefixes for bash sh zsh (0.354891ms)
✔ wallet read rejects malicious paths flags compounds and mismatched quotes (0.405835ms)
✔ echo-only output and denials cannot prove a discovered financial bug (0.239895ms)
✔ Messages agent evidence requires matching successful Read tool result (0.326828ms)
✔ caller accepts object with real independent reproduction (65.650999ms)
✔ caller accepts canary-shaped array with real independent reproduction (45.435964ms)
✔ caller accepts actual local Node wallet execution emitting both numeric examples (94.558696ms)
✔ caller accepts actual run36869316283 JSONL from local wallet plus independent reproduction (87.34419ms)
✔ caller denies invalid JSONL lines and exact numeric mismatches (424.399987ms)
✔ caller retains reads, terminal, genuine final and successful tool requirements with JSONL (399.122532ms)
✔ caller denies bad own proof and independent reproduction mismatch (253.432165ms)
✔ caller denies failed tools, wrong commands, missing separate reads and unsuccessful terminals (560.121377ms)
✔ caller denies reasoning-only final, malformed final, agent failure and unsealed import (8.241607ms)
✔ observed run36879127384 usr-bin-bash argv regression with locally reproduced stdout (444.135342ms)
✔ caller diagnoses parse failures with fixed stderr and no private output (6.909397ms)
✔ caller diagnoses absent or nonfinite numeric examples before local execution (28.524926ms)
✔ caller diagnoses independent wallet rejection and private subprocess failures (53.304278ms)
✔ caller diagnoses exact own numeric matching and completed zero-exit admission (407.734962ms)
✔ caller diagnoses final finding, separate exact reads and genuine terminal contract (310.954923ms)
✔ caller diagnoses evidence write without leaking private write error (43.721752ms)
✔ caller delivers green receipt with minimal standalone Node output contract and HIGH model (92.700422ms)
✔ RUN_CLIENT_SOURCE binds evidence and its transitive imports to selected source (44.442331ms)
✔ numeric proof accepts actual run36869316283 strict JSONL matching either exact example (2.568596ms)
✔ strict JSONL consumes every nonblank line as a complete finite numeric object (4.438974ms)
✔ strict JSONL compares all three finite fields in one exact example (0.54096ms)
✔ strict JSONL retains completed command admission and successful exit gates (0.252091ms)
✔ numeric proof accepts the existing complete JSON object (0.245427ms)
✔ numeric proof accepts canary two-object JSON array matching either reported example (0.314843ms)
✔ numeric proof preserves existing direct and shell-wrapped Node command matching (0.728926ms)
✔ numeric proof admits only supported shell prefixes, flags and one Node eval command (0.936656ms)
✔ supported shell numeric proof still rejects incomplete, nonzero, mismatch and stdout prefixes (0.437526ms)
✔ separate rules and wallet reads admit both prefixes and all three supported shells only (3.929219ms)
✔ numeric proof requires exact finite numbers in all three actual fields (1.46007ms)
✔ numeric proof parses the complete output and never scans fragments or nested objects (0.468863ms)
✔ numeric proof rejects failed or incomplete tools, reasoning, and wrong commands (0.248638ms)
✔ A06 successful separate shell-wrapped rules read validates actual source and finding (0.31371ms)
✔ A06 malformed and fabricated financial success fail inherited validator (0.307952ms)
✔ A10 E04 streamed UTF8 and missing native terminal rejected (7.848556ms)
✔ R8 all six known shell paths decode escaped and concatenated POSIX words (0.75919ms)
✔ R8 structural outer word rejects breakouts, extra argv and active syntax (0.236752ms)
✔ R8 inner eval has exactly one literal word and allows nested JS semicolons (0.673976ms)
✔ R8 observed argv rendering admits genuine projected wallet reproduction (0.493394ms)
✔ R8 heredoc compatibility boundary rejects even literal delimiter forms (0.16704ms)
ℹ tests 45
ℹ suites 0
ℹ pass 45
ℹ fail 0
ℹ cancelled 0
ℹ skipped 0
ℹ todo 0
ℹ duration_ms 3450.147393
