TAP version 13
# (node:104) ExperimentalWarning: VM Modules is an experimental feature and might change at any time
# (Use `node --trace-warnings ...` to show where the warning was created)
# Subtest: responses: revoke observation precedes first actual abort and physical close
ok 1 - responses: revoke observation precedes first actual abort and physical close
  ---
  duration_ms: 3.494101
  type: 'test'
  ...
# Subtest: responses: expiry observation precedes first actual abort and physical close
ok 2 - responses: expiry observation precedes first actual abort and physical close
  ---
  duration_ms: 1.996049
  type: 'test'
  ...
# Subtest: responses: request-expiry observation precedes first actual abort and physical close
ok 3 - responses: request-expiry observation precedes first actual abort and physical close
  ---
  duration_ms: 2.304298
  type: 'test'
  ...
# Subtest: messages: revoke observation precedes first actual abort and physical close
ok 4 - messages: revoke observation precedes first actual abort and physical close
  ---
  duration_ms: 1.742946
  type: 'test'
  ...
# Subtest: messages: expiry observation precedes first actual abort and physical close
ok 5 - messages: expiry observation precedes first actual abort and physical close
  ---
  duration_ms: 1.801578
  type: 'test'
  ...
# Subtest: messages: request-expiry observation precedes first actual abort and physical close
ok 6 - messages: request-expiry observation precedes first actual abort and physical close
  ---
  duration_ms: 1.673816
  type: 'test'
  ...
# Subtest: observer exception cannot prevent real cancellation
ok 7 - observer exception cannot prevent real cancellation
  ---
  duration_ms: 1.959959
  type: 'test'
  ...
# Subtest: request timeout remains distinct from expiry
ok 8 - request timeout remains distinct from expiry
  ---
  duration_ms: 2.829581
  type: 'test'
  ...
# Subtest: downstream close remains distinct from capability cancellation
ok 9 - downstream close remains distinct from capability cancellation
  ---
  duration_ms: 1.692341
  type: 'test'
  ...
# Subtest: responses before client: rapid physical close is valid
ok 10 - responses before client: rapid physical close is valid
  ---
  duration_ms: 1.590033
  type: 'test'
  ...
# Subtest: responses before revoke: rapid physical close is valid
ok 11 - responses before revoke: rapid physical close is valid
  ---
  duration_ms: 0.145226
  type: 'test'
  ...
# Subtest: responses before expiry: rapid physical close is valid
ok 12 - responses before expiry: rapid physical close is valid
  ---
  duration_ms: 0.102356
  type: 'test'
  ...
# Subtest: responses after client: rapid physical close is valid
ok 13 - responses after client: rapid physical close is valid
  ---
  duration_ms: 0.090891
  type: 'test'
  ...
# Subtest: responses after revoke: rapid physical close is valid
ok 14 - responses after revoke: rapid physical close is valid
  ---
  duration_ms: 0.097979
  type: 'test'
  ...
# Subtest: responses after expiry: rapid physical close is valid
ok 15 - responses after expiry: rapid physical close is valid
  ---
  duration_ms: 0.090996
  type: 'test'
  ...
# Subtest: responses: expiry callback anchors expiry, not setup
ok 16 - responses: expiry callback anchors expiry, not setup
  ---
  duration_ms: 0.153151
  type: 'test'
  ...
# Subtest: responses: request-expiry callback anchors expiry, not setup
ok 17 - responses: request-expiry callback anchors expiry, not setup
  ---
  duration_ms: 0.154904
  type: 'test'
  ...
# Subtest: messages before client: rapid physical close is valid
ok 18 - messages before client: rapid physical close is valid
  ---
  duration_ms: 0.105609
  type: 'test'
  ...
# Subtest: messages before revoke: rapid physical close is valid
ok 19 - messages before revoke: rapid physical close is valid
  ---
  duration_ms: 0.734396
  type: 'test'
  ...
# Subtest: messages before expiry: rapid physical close is valid
ok 20 - messages before expiry: rapid physical close is valid
  ---
  duration_ms: 0.088562
  type: 'test'
  ...
# Subtest: messages after client: rapid physical close is valid
ok 21 - messages after client: rapid physical close is valid
  ---
  duration_ms: 0.054558
  type: 'test'
  ...
# Subtest: messages after revoke: rapid physical close is valid
ok 22 - messages after revoke: rapid physical close is valid
  ---
  duration_ms: 0.036837
  type: 'test'
  ...
# Subtest: messages after expiry: rapid physical close is valid
ok 23 - messages after expiry: rapid physical close is valid
  ---
  duration_ms: 0.029853
  type: 'test'
  ...
# Subtest: messages: expiry callback anchors expiry, not setup
ok 24 - messages: expiry callback anchors expiry, not setup
  ---
  duration_ms: 0.033552
  type: 'test'
  ...
# Subtest: messages: request-expiry callback anchors expiry, not setup
ok 25 - messages: request-expiry callback anchors expiry, not setup
  ---
  duration_ms: 0.031828
  type: 'test'
  ...
# Subtest: physical close at 1201ms exceeds original 1200ms acceptance
not ok 26 - physical close at 1201ms exceeds original 1200ms acceptance
  ---
  duration_ms: 0.745332
  type: 'test'
  location: '/srv/workers/jobs/review-router-gateway-spike/poc-20260930/workspaces/cancel-oracle-review-w2/sub2api-cancel-oracle-review/tests/oracle.test.mjs:55:40'
  failureType: 'testCodeFailure'
  error: |-
    Expected values to be strictly equal:
    
    'PASS' !== 'FAIL'
    
  code: 'ERR_ASSERTION'
  name: 'AssertionError'
  expected: 'FAIL'
  actual: 'PASS'
  operator: 'strictEqual'
  stack: |-
    TestContext.<anonymous> (file:///srv/workers/jobs/review-router-gateway-spike/poc-20260930/workspaces/cancel-oracle-review-w2/sub2api-cancel-oracle-review/tests/oracle.test.mjs:57:10)
    Test.runInAsyncScope (node:async_hooks:227:14)
    Test.run (node:internal/test_runner/test:1402:25)
    Test.processPendingSubtests (node:internal/test_runner/test:974:18)
    Test.postRun (node:internal/test_runner/test:1542:19)
    Test.run (node:internal/test_runner/test:1467:12)
    async Test.processPendingSubtests (node:internal/test_runner/test:974:7)
  ...
# Subtest: physical close at 1249.9ms exceeds original 1200ms acceptance
not ok 27 - physical close at 1249.9ms exceeds original 1200ms acceptance
  ---
  duration_ms: 0.190925
  type: 'test'
  location: '/srv/workers/jobs/review-router-gateway-spike/poc-20260930/workspaces/cancel-oracle-review-w2/sub2api-cancel-oracle-review/tests/oracle.test.mjs:55:40'
  failureType: 'testCodeFailure'
  error: |-
    Expected values to be strictly equal:
    
    'PASS' !== 'FAIL'
    
  code: 'ERR_ASSERTION'
  name: 'AssertionError'
  expected: 'FAIL'
  actual: 'PASS'
  operator: 'strictEqual'
  stack: |-
    TestContext.<anonymous> (file:///srv/workers/jobs/review-router-gateway-spike/poc-20260930/workspaces/cancel-oracle-review-w2/sub2api-cancel-oracle-review/tests/oracle.test.mjs:57:10)
    Test.runInAsyncScope (node:async_hooks:227:14)
    Test.run (node:internal/test_runner/test:1402:25)
    Test.processPendingSubtests (node:internal/test_runner/test:974:18)
    Test.postRun (node:internal/test_runner/test:1542:19)
    Test.run (node:internal/test_runner/test:1467:12)
    async Test.processPendingSubtests (node:internal/test_runner/test:974:7)
  ...
# Subtest: physical close at 1250ms exceeds original 1200ms acceptance
not ok 28 - physical close at 1250ms exceeds original 1200ms acceptance
  ---
  duration_ms: 0.115068
  type: 'test'
  location: '/srv/workers/jobs/review-router-gateway-spike/poc-20260930/workspaces/cancel-oracle-review-w2/sub2api-cancel-oracle-review/tests/oracle.test.mjs:55:40'
  failureType: 'testCodeFailure'
  error: |-
    Expected values to be strictly equal:
    
    'PASS' !== 'FAIL'
    
  code: 'ERR_ASSERTION'
  name: 'AssertionError'
  expected: 'FAIL'
  actual: 'PASS'
  operator: 'strictEqual'
  stack: |-
    TestContext.<anonymous> (file:///srv/workers/jobs/review-router-gateway-spike/poc-20260930/workspaces/cancel-oracle-review-w2/sub2api-cancel-oracle-review/tests/oracle.test.mjs:57:10)
    Test.runInAsyncScope (node:async_hooks:227:14)
    Test.run (node:internal/test_runner/test:1402:25)
    Test.processPendingSubtests (node:internal/test_runner/test:974:18)
    Test.postRun (node:internal/test_runner/test:1542:19)
    Test.run (node:internal/test_runner/test:1467:12)
    async Test.processPendingSubtests (node:internal/test_runner/test:974:7)
  ...
# Subtest: reject close before abort despite being after request
ok 29 - reject close before abort despite being after request
  ---
  duration_ms: 0.090371
  type: 'test'
  ...
# Subtest: reject close before action request
ok 30 - reject close before action request
  ---
  duration_ms: 0.050608
  type: 'test'
  ...
# Subtest: reject close before upstream request
ok 31 - reject close before upstream request
  ---
  duration_ms: 0.063719
  type: 'test'
  ...
# Subtest: reject close after 1250ms deadline
ok 32 - reject close after 1250ms deadline
  ---
  duration_ms: 0.094272
  type: 'test'
  ...
# Subtest: reject late broker response cannot extend deadline
ok 33 - reject late broker response cannot extend deadline
  ---
  duration_ms: 0.06891
  type: 'test'
  ...
# Subtest: reject upstream semantic terminal
ok 34 - reject upstream semantic terminal
  ---
  duration_ms: 0.061141
  type: 'test'
  ...
# Subtest: reject downstream terminal even with transport error
ok 35 - reject downstream terminal even with transport error
  ---
  duration_ms: 0.093676
  type: 'test'
  ...
# Subtest: reject normal complete upstream close
ok 36 - reject normal complete upstream close
  ---
  duration_ms: 0.069776
  type: 'test'
  ...
# Subtest: reject manual upstream release
ok 37 - reject manual upstream release
  ---
  duration_ms: 0.044627
  type: 'test'
  ...
# Subtest: reject manual upstream reset
ok 38 - reject manual upstream reset
  ---
  duration_ms: 0.047071
  type: 'test'
  ...
# Subtest: reject upstream safety reset
ok 39 - reject upstream safety reset
  ---
  duration_ms: 0.06488
  type: 'test'
  ...
# Subtest: reject missing physical close
ok 40 - reject missing physical close
  ---
  duration_ms: 0.07713
  type: 'test'
  ...
# Subtest: reject missing pre-abort event
ok 41 - reject missing pre-abort event
  ---
  duration_ms: 0.051318
  type: 'test'
  ...
# Subtest: reject foreign pre-abort protocol
ok 42 - reject foreign pre-abort protocol
  ---
  duration_ms: 0.038492
  type: 'test'
  ...
# Subtest: reject foreign pre-abort request
ok 43 - reject foreign pre-abort request
  ---
  duration_ms: 0.03682
  type: 'test'
  ...
# Subtest: reject foreign source clock
ok 44 - reject foreign source clock
  ---
  duration_ms: 0.034558
  type: 'test'
  ...
# Subtest: reject missing clock custody
ok 45 - reject missing clock custody
  ---
  duration_ms: 0.037564
  type: 'test'
  ...
# Subtest: reject foreign physical protocol
ok 46 - reject foreign physical protocol
  ---
  duration_ms: 0.052212
  type: 'test'
  ...
# Subtest: reject foreign physical identity
ok 47 - reject foreign physical identity
  ---
  duration_ms: 0.04993
  type: 'test'
  ...
# Subtest: reject foreign physical request
ok 48 - reject foreign physical request
  ---
  duration_ms: 0.047882
  type: 'test'
  ...
# Subtest: reject double upstream dispatch
ok 49 - reject double upstream dispatch
  ---
  duration_ms: 0.068668
  type: 'test'
  ...
# Subtest: reject double broker dispatch
ok 50 - reject double broker dispatch
  ---
  duration_ms: 0.062752
  type: 'test'
  ...
# Subtest: reject second broker dispatch substituted
ok 51 - reject second broker dispatch substituted
  ---
  duration_ms: 0.040014
  type: 'test'
  ...
# Subtest: reject multiple effects
ok 52 - reject multiple effects
  ---
  duration_ms: 0.031891
  type: 'test'
  ...
# Subtest: reject missing immediate snapshot
ok 53 - reject missing immediate snapshot
  ---
  duration_ms: 0.044382
  type: 'test'
  ...
# Subtest: reject late close only in final snapshot
ok 54 - reject late close only in final snapshot
  ---
  duration_ms: 0.039373
  type: 'test'
  ...
# Subtest: reject foreign immediate sequence
ok 55 - reject foreign immediate sequence
  ---
  duration_ms: 0.038426
  type: 'test'
  ...
# Subtest: reject immediate terminal later erased
ok 56 - reject immediate terminal later erased
  ---
  duration_ms: 0.043795
  type: 'test'
  ...
# Subtest: reject shortened hold
ok 57 - reject shortened hold
  ---
  duration_ms: 0.057477
  type: 'test'
  ...
# Subtest: reject oracle observation too early
ok 58 - reject oracle observation too early
  ---
  duration_ms: 0.045191
  type: 'test'
  ...
# Subtest: reject oracle observation after hold
ok 59 - reject oracle observation after hold
  ---
  duration_ms: 0.05146
  type: 'test'
  ...
# Subtest: reject healthy boolean without physical control
ok 60 - reject healthy boolean without physical control
  ---
  duration_ms: 0.036553
  type: 'test'
  ...
# Subtest: reject missing healthy downstream
ok 61 - reject missing healthy downstream
  ---
  duration_ms: 0.04431
  type: 'test'
  ...
# Subtest: reject missing healthy ack size
ok 62 - reject missing healthy ack size
  ---
  duration_ms: 0.045728
  type: 'test'
  ...
# Subtest: reject null upstream record
ok 63 - reject null upstream record
  ---
  duration_ms: 0.03557
  type: 'test'
  ...
# Subtest: reject null broker event
ok 64 - reject null broker event
  ---
  duration_ms: 0.049555
  type: 'test'
  ...
# Subtest: reject missing healthy acknowledgment
ok 65 - reject missing healthy acknowledgment
  ---
  duration_ms: 0.052308
  type: 'test'
  ...
# Subtest: reject foreign healthy request
ok 66 - reject foreign healthy request
  ---
  duration_ms: 0.045924
  type: 'test'
  ...
# Subtest: reject missing healthy physical close
ok 67 - reject missing healthy physical close
  ---
  duration_ms: 0.045894
  type: 'test'
  ...
# Subtest: reject tiny acknowledged healthy frame
ok 68 - reject tiny acknowledged healthy frame
  ---
  duration_ms: 0.038828
  type: 'test'
  ...
# Subtest: reject tiny acknowledged early frame
ok 69 - reject tiny acknowledged early frame
  ---
  duration_ms: 0.042724
  type: 'test'
  ...
# Subtest: reject ack before upstream flush
ok 70 - reject ack before upstream flush
  ---
  duration_ms: 0.074053
  type: 'test'
  ...
# Subtest: reject ack at cancellation
ok 71 - reject ack at cancellation
  ---
  duration_ms: 0.07477
  type: 'test'
  ...
# Subtest: reject before placement already wrote output
ok 72 - reject before placement already wrote output
  ---
  duration_ms: 0.054048
  type: 'test'
  ...
# Subtest: reject request timeout pretending expiry
ok 73 - reject request timeout pretending expiry
  ---
  duration_ms: 0.046981
  type: 'test'
  ...
# Subtest: reject finally abort pretending revoke
ok 74 - reject finally abort pretending revoke
  ---
  duration_ms: 0.072225
  type: 'test'
  ...
# Subtest: reject client completion pretending cancellation
ok 75 - reject client completion pretending cancellation
  ---
  duration_ms: 0.06502
  type: 'test'
  ...
# Subtest: historical cancel-messages-after-expiry: absent pre-abort evidence cannot become green
ok 76 - historical cancel-messages-after-expiry: absent pre-abort evidence cannot become green
  ---
  duration_ms: 0.101794
  type: 'test'
  ...
# Subtest: historical cancel-messages-after-revoke: absent pre-abort evidence cannot become green
ok 77 - historical cancel-messages-after-revoke: absent pre-abort evidence cannot become green
  ---
  duration_ms: 0.043238
  type: 'test'
  ...
# Subtest: historical cancel-messages-before-revoke: absent pre-abort evidence cannot become green
ok 78 - historical cancel-messages-before-revoke: absent pre-abort evidence cannot become green
  ---
  duration_ms: 0.026452
  type: 'test'
  ...
# Subtest: historical cancel-responses-after-expiry: absent pre-abort evidence cannot become green
ok 79 - historical cancel-responses-after-expiry: absent pre-abort evidence cannot become green
  ---
  duration_ms: 0.021815
  type: 'test'
  ...
# Subtest: historical cancel-responses-after-revoke: absent pre-abort evidence cannot become green
ok 80 - historical cancel-responses-after-revoke: absent pre-abort evidence cannot become green
  ---
  duration_ms: 0.018367
  type: 'test'
  ...
# Subtest: historical cancel-responses-before-revoke: absent pre-abort evidence cannot become green
ok 81 - historical cancel-responses-before-revoke: absent pre-abort evidence cannot become green
  ---
  duration_ms: 0.612953
  type: 'test'
  ...
# Subtest: missing upstream exercise stays NOT RUN
ok 82 - missing upstream exercise stays NOT RUN
  ---
  duration_ms: 0.093724
  type: 'test'
  ...
# Subtest: responses client: physical close +1200ms is PASS
ok 83 - responses client: physical close +1200ms is PASS
  ---
  duration_ms: 0.075379
  type: 'test'
  ...
# Subtest: responses client: physical close +1200.001ms is FAIL
not ok 84 - responses client: physical close +1200.001ms is FAIL
  ---
  duration_ms: 0.12952
  type: 'test'
  location: '/srv/workers/jobs/review-router-gateway-spike/poc-20260930/workspaces/cancel-oracle-review-w2/sub2api-cancel-oracle-review/tests/oracle.test.mjs:125:5'
  failureType: 'testCodeFailure'
  error: |-
    Expected values to be strictly equal:
    
    'PASS' !== 'FAIL'
    
  code: 'ERR_ASSERTION'
  name: 'AssertionError'
  expected: 'FAIL'
  actual: 'PASS'
  operator: 'strictEqual'
  stack: |-
    TestContext.<anonymous> (file:///srv/workers/jobs/review-router-gateway-spike/poc-20260930/workspaces/cancel-oracle-review-w2/sub2api-cancel-oracle-review/tests/oracle.test.mjs:130:14)
    Test.runInAsyncScope (node:async_hooks:227:14)
    Test.run (node:internal/test_runner/test:1402:25)
    Test.processPendingSubtests (node:internal/test_runner/test:974:18)
    Test.postRun (node:internal/test_runner/test:1542:19)
    Test.run (node:internal/test_runner/test:1467:12)
    async Test.processPendingSubtests (node:internal/test_runner/test:974:7)
  ...
# Subtest: responses client: physical close +1249ms is FAIL
not ok 85 - responses client: physical close +1249ms is FAIL
  ---
  duration_ms: 0.113054
  type: 'test'
  location: '/srv/workers/jobs/review-router-gateway-spike/poc-20260930/workspaces/cancel-oracle-review-w2/sub2api-cancel-oracle-review/tests/oracle.test.mjs:125:5'
  failureType: 'testCodeFailure'
  error: |-
    Expected values to be strictly equal:
    
    'PASS' !== 'FAIL'
    
  code: 'ERR_ASSERTION'
  name: 'AssertionError'
  expected: 'FAIL'
  actual: 'PASS'
  operator: 'strictEqual'
  stack: |-
    TestContext.<anonymous> (file:///srv/workers/jobs/review-router-gateway-spike/poc-20260930/workspaces/cancel-oracle-review-w2/sub2api-cancel-oracle-review/tests/oracle.test.mjs:130:14)
    Test.runInAsyncScope (node:async_hooks:227:14)
    Test.run (node:internal/test_runner/test:1402:25)
    Test.processPendingSubtests (node:internal/test_runner/test:974:18)
    Test.postRun (node:internal/test_runner/test:1542:19)
    Test.run (node:internal/test_runner/test:1467:12)
    async Test.processPendingSubtests (node:internal/test_runner/test:974:7)
  ...
# Subtest: responses revoke: physical close +1200ms is PASS
ok 86 - responses revoke: physical close +1200ms is PASS
  ---
  duration_ms: 0.040444
  type: 'test'
  ...
# Subtest: responses revoke: physical close +1200.001ms is FAIL
not ok 87 - responses revoke: physical close +1200.001ms is FAIL
  ---
  duration_ms: 0.081025
  type: 'test'
  location: '/srv/workers/jobs/review-router-gateway-spike/poc-20260930/workspaces/cancel-oracle-review-w2/sub2api-cancel-oracle-review/tests/oracle.test.mjs:125:5'
  failureType: 'testCodeFailure'
  error: |-
    Expected values to be strictly equal:
    
    'PASS' !== 'FAIL'
    
  code: 'ERR_ASSERTION'
  name: 'AssertionError'
  expected: 'FAIL'
  actual: 'PASS'
  operator: 'strictEqual'
  stack: |-
    TestContext.<anonymous> (file:///srv/workers/jobs/review-router-gateway-spike/poc-20260930/workspaces/cancel-oracle-review-w2/sub2api-cancel-oracle-review/tests/oracle.test.mjs:130:14)
    Test.runInAsyncScope (node:async_hooks:227:14)
    Test.run (node:internal/test_runner/test:1402:25)
    Test.processPendingSubtests (node:internal/test_runner/test:974:18)
    Test.postRun (node:internal/test_runner/test:1542:19)
    Test.run (node:internal/test_runner/test:1467:12)
    async Test.processPendingSubtests (node:internal/test_runner/test:974:7)
  ...
# Subtest: responses revoke: physical close +1249ms is FAIL
not ok 88 - responses revoke: physical close +1249ms is FAIL
  ---
  duration_ms: 0.104323
  type: 'test'
  location: '/srv/workers/jobs/review-router-gateway-spike/poc-20260930/workspaces/cancel-oracle-review-w2/sub2api-cancel-oracle-review/tests/oracle.test.mjs:125:5'
  failureType: 'testCodeFailure'
  error: |-
    Expected values to be strictly equal:
    
    'PASS' !== 'FAIL'
    
  code: 'ERR_ASSERTION'
  name: 'AssertionError'
  expected: 'FAIL'
  actual: 'PASS'
  operator: 'strictEqual'
  stack: |-
    TestContext.<anonymous> (file:///srv/workers/jobs/review-router-gateway-spike/poc-20260930/workspaces/cancel-oracle-review-w2/sub2api-cancel-oracle-review/tests/oracle.test.mjs:130:14)
    Test.runInAsyncScope (node:async_hooks:227:14)
    Test.run (node:internal/test_runner/test:1402:25)
    Test.processPendingSubtests (node:internal/test_runner/test:974:18)
    Test.postRun (node:internal/test_runner/test:1542:19)
    Test.run (node:internal/test_runner/test:1467:12)
    async Test.processPendingSubtests (node:internal/test_runner/test:974:7)
  ...
# Subtest: responses expiry: physical close +1200ms is PASS
ok 89 - responses expiry: physical close +1200ms is PASS
  ---
  duration_ms: 0.050042
  type: 'test'
  ...
# Subtest: responses expiry: physical close +1200.001ms is FAIL
not ok 90 - responses expiry: physical close +1200.001ms is FAIL
  ---
  duration_ms: 0.100606
  type: 'test'
  location: '/srv/workers/jobs/review-router-gateway-spike/poc-20260930/workspaces/cancel-oracle-review-w2/sub2api-cancel-oracle-review/tests/oracle.test.mjs:125:5'
  failureType: 'testCodeFailure'
  error: |-
    Expected values to be strictly equal:
    
    'PASS' !== 'FAIL'
    
  code: 'ERR_ASSERTION'
  name: 'AssertionError'
  expected: 'FAIL'
  actual: 'PASS'
  operator: 'strictEqual'
  stack: |-
    TestContext.<anonymous> (file:///srv/workers/jobs/review-router-gateway-spike/poc-20260930/workspaces/cancel-oracle-review-w2/sub2api-cancel-oracle-review/tests/oracle.test.mjs:130:14)
    Test.runInAsyncScope (node:async_hooks:227:14)
    Test.run (node:internal/test_runner/test:1402:25)
    Test.processPendingSubtests (node:internal/test_runner/test:974:18)
    Test.postRun (node:internal/test_runner/test:1542:19)
    Test.run (node:internal/test_runner/test:1467:12)
    async Test.processPendingSubtests (node:internal/test_runner/test:974:7)
  ...
# Subtest: responses expiry: physical close +1249ms is FAIL
not ok 91 - responses expiry: physical close +1249ms is FAIL
  ---
  duration_ms: 0.106148
  type: 'test'
  location: '/srv/workers/jobs/review-router-gateway-spike/poc-20260930/workspaces/cancel-oracle-review-w2/sub2api-cancel-oracle-review/tests/oracle.test.mjs:125:5'
  failureType: 'testCodeFailure'
  error: |-
    Expected values to be strictly equal:
    
    'PASS' !== 'FAIL'
    
  code: 'ERR_ASSERTION'
  name: 'AssertionError'
  expected: 'FAIL'
  actual: 'PASS'
  operator: 'strictEqual'
  stack: |-
    TestContext.<anonymous> (file:///srv/workers/jobs/review-router-gateway-spike/poc-20260930/workspaces/cancel-oracle-review-w2/sub2api-cancel-oracle-review/tests/oracle.test.mjs:130:14)
    Test.runInAsyncScope (node:async_hooks:227:14)
    Test.run (node:internal/test_runner/test:1402:25)
    Test.processPendingSubtests (node:internal/test_runner/test:974:18)
    Test.postRun (node:internal/test_runner/test:1542:19)
    Test.run (node:internal/test_runner/test:1467:12)
    async Test.processPendingSubtests (node:internal/test_runner/test:974:7)
  ...
# Subtest: messages client: physical close +1200ms is PASS
ok 92 - messages client: physical close +1200ms is PASS
  ---
  duration_ms: 0.041722
  type: 'test'
  ...
# Subtest: messages client: physical close +1200.001ms is FAIL
not ok 93 - messages client: physical close +1200.001ms is FAIL
  ---
  duration_ms: 0.118689
  type: 'test'
  location: '/srv/workers/jobs/review-router-gateway-spike/poc-20260930/workspaces/cancel-oracle-review-w2/sub2api-cancel-oracle-review/tests/oracle.test.mjs:125:5'
  failureType: 'testCodeFailure'
  error: |-
    Expected values to be strictly equal:
    
    'PASS' !== 'FAIL'
    
  code: 'ERR_ASSERTION'
  name: 'AssertionError'
  expected: 'FAIL'
  actual: 'PASS'
  operator: 'strictEqual'
  stack: |-
    TestContext.<anonymous> (file:///srv/workers/jobs/review-router-gateway-spike/poc-20260930/workspaces/cancel-oracle-review-w2/sub2api-cancel-oracle-review/tests/oracle.test.mjs:130:14)
    Test.runInAsyncScope (node:async_hooks:227:14)
    Test.run (node:internal/test_runner/test:1402:25)
    Test.processPendingSubtests (node:internal/test_runner/test:974:18)
    Test.postRun (node:internal/test_runner/test:1542:19)
    Test.run (node:internal/test_runner/test:1467:12)
    async Test.processPendingSubtests (node:internal/test_runner/test:974:7)
  ...
# Subtest: messages client: physical close +1249ms is FAIL
not ok 94 - messages client: physical close +1249ms is FAIL
  ---
  duration_ms: 0.076965
  type: 'test'
  location: '/srv/workers/jobs/review-router-gateway-spike/poc-20260930/workspaces/cancel-oracle-review-w2/sub2api-cancel-oracle-review/tests/oracle.test.mjs:125:5'
  failureType: 'testCodeFailure'
  error: |-
    Expected values to be strictly equal:
    
    'PASS' !== 'FAIL'
    
  code: 'ERR_ASSERTION'
  name: 'AssertionError'
  expected: 'FAIL'
  actual: 'PASS'
  operator: 'strictEqual'
  stack: |-
    TestContext.<anonymous> (file:///srv/workers/jobs/review-router-gateway-spike/poc-20260930/workspaces/cancel-oracle-review-w2/sub2api-cancel-oracle-review/tests/oracle.test.mjs:130:14)
    Test.runInAsyncScope (node:async_hooks:227:14)
    Test.run (node:internal/test_runner/test:1402:25)
    Test.processPendingSubtests (node:internal/test_runner/test:974:18)
    Test.postRun (node:internal/test_runner/test:1542:19)
    Test.run (node:internal/test_runner/test:1467:12)
    async Test.processPendingSubtests (node:internal/test_runner/test:974:7)
  ...
# Subtest: messages revoke: physical close +1200ms is PASS
ok 95 - messages revoke: physical close +1200ms is PASS
  ---
  duration_ms: 0.036268
  type: 'test'
  ...
# Subtest: messages revoke: physical close +1200.001ms is FAIL
not ok 96 - messages revoke: physical close +1200.001ms is FAIL
  ---
  duration_ms: 0.076975
  type: 'test'
  location: '/srv/workers/jobs/review-router-gateway-spike/poc-20260930/workspaces/cancel-oracle-review-w2/sub2api-cancel-oracle-review/tests/oracle.test.mjs:125:5'
  failureType: 'testCodeFailure'
  error: |-
    Expected values to be strictly equal:
    
    'PASS' !== 'FAIL'
    
  code: 'ERR_ASSERTION'
  name: 'AssertionError'
  expected: 'FAIL'
  actual: 'PASS'
  operator: 'strictEqual'
  stack: |-
    TestContext.<anonymous> (file:///srv/workers/jobs/review-router-gateway-spike/poc-20260930/workspaces/cancel-oracle-review-w2/sub2api-cancel-oracle-review/tests/oracle.test.mjs:130:14)
    Test.runInAsyncScope (node:async_hooks:227:14)
    Test.run (node:internal/test_runner/test:1402:25)
    Test.processPendingSubtests (node:internal/test_runner/test:974:18)
    Test.postRun (node:internal/test_runner/test:1542:19)
    Test.run (node:internal/test_runner/test:1467:12)
    async Test.processPendingSubtests (node:internal/test_runner/test:974:7)
  ...
# Subtest: messages revoke: physical close +1249ms is FAIL
not ok 97 - messages revoke: physical close +1249ms is FAIL
  ---
  duration_ms: 0.069069
  type: 'test'
  location: '/srv/workers/jobs/review-router-gateway-spike/poc-20260930/workspaces/cancel-oracle-review-w2/sub2api-cancel-oracle-review/tests/oracle.test.mjs:125:5'
  failureType: 'testCodeFailure'
  error: |-
    Expected values to be strictly equal:
    
    'PASS' !== 'FAIL'
    
  code: 'ERR_ASSERTION'
  name: 'AssertionError'
  expected: 'FAIL'
  actual: 'PASS'
  operator: 'strictEqual'
  stack: |-
    TestContext.<anonymous> (file:///srv/workers/jobs/review-router-gateway-spike/poc-20260930/workspaces/cancel-oracle-review-w2/sub2api-cancel-oracle-review/tests/oracle.test.mjs:130:14)
    Test.runInAsyncScope (node:async_hooks:227:14)
    Test.run (node:internal/test_runner/test:1402:25)
    Test.processPendingSubtests (node:internal/test_runner/test:974:18)
    Test.postRun (node:internal/test_runner/test:1542:19)
    Test.run (node:internal/test_runner/test:1467:12)
    async Test.processPendingSubtests (node:internal/test_runner/test:974:7)
  ...
# Subtest: messages expiry: physical close +1200ms is PASS
ok 98 - messages expiry: physical close +1200ms is PASS
  ---
  duration_ms: 0.031423
  type: 'test'
  ...
# Subtest: messages expiry: physical close +1200.001ms is FAIL
not ok 99 - messages expiry: physical close +1200.001ms is FAIL
  ---
  duration_ms: 0.059223
  type: 'test'
  location: '/srv/workers/jobs/review-router-gateway-spike/poc-20260930/workspaces/cancel-oracle-review-w2/sub2api-cancel-oracle-review/tests/oracle.test.mjs:125:5'
  failureType: 'testCodeFailure'
  error: |-
    Expected values to be strictly equal:
    
    'PASS' !== 'FAIL'
    
  code: 'ERR_ASSERTION'
  name: 'AssertionError'
  expected: 'FAIL'
  actual: 'PASS'
  operator: 'strictEqual'
  stack: |-
    TestContext.<anonymous> (file:///srv/workers/jobs/review-router-gateway-spike/poc-20260930/workspaces/cancel-oracle-review-w2/sub2api-cancel-oracle-review/tests/oracle.test.mjs:130:14)
    Test.runInAsyncScope (node:async_hooks:227:14)
    Test.run (node:internal/test_runner/test:1402:25)
    Test.processPendingSubtests (node:internal/test_runner/test:974:18)
    Test.postRun (node:internal/test_runner/test:1542:19)
    Test.run (node:internal/test_runner/test:1467:12)
    async Test.processPendingSubtests (node:internal/test_runner/test:974:7)
  ...
# Subtest: messages expiry: physical close +1249ms is FAIL
not ok 100 - messages expiry: physical close +1249ms is FAIL
  ---
  duration_ms: 0.055995
  type: 'test'
  location: '/srv/workers/jobs/review-router-gateway-spike/poc-20260930/workspaces/cancel-oracle-review-w2/sub2api-cancel-oracle-review/tests/oracle.test.mjs:125:5'
  failureType: 'testCodeFailure'
  error: |-
    Expected values to be strictly equal:
    
    'PASS' !== 'FAIL'
    
  code: 'ERR_ASSERTION'
  name: 'AssertionError'
  expected: 'FAIL'
  actual: 'PASS'
  operator: 'strictEqual'
  stack: |-
    TestContext.<anonymous> (file:///srv/workers/jobs/review-router-gateway-spike/poc-20260930/workspaces/cancel-oracle-review-w2/sub2api-cancel-oracle-review/tests/oracle.test.mjs:130:14)
    Test.runInAsyncScope (node:async_hooks:227:14)
    Test.run (node:internal/test_runner/test:1402:25)
    Test.processPendingSubtests (node:internal/test_runner/test:974:18)
    Test.postRun (node:internal/test_runner/test:1542:19)
    Test.run (node:internal/test_runner/test:1467:12)
    async Test.processPendingSubtests (node:internal/test_runner/test:974:7)
  ...
# Subtest: revoke transit consumes acceptance time; abort cannot grant grace
not ok 101 - revoke transit consumes acceptance time; abort cannot grant grace
  ---
  duration_ms: 0.116185
  type: 'test'
  location: '/srv/workers/jobs/review-router-gateway-spike/poc-20260930/workspaces/cancel-oracle-review-w2/sub2api-cancel-oracle-review/tests/oracle.test.mjs:134:1'
  failureType: 'testCodeFailure'
  error: |-
    Expected values to be strictly equal:
    
    'PASS' !== 'FAIL'
    
  code: 'ERR_ASSERTION'
  name: 'AssertionError'
  expected: 'FAIL'
  actual: 'PASS'
  operator: 'strictEqual'
  stack: |-
    TestContext.<anonymous> (file:///srv/workers/jobs/review-router-gateway-spike/poc-20260930/workspaces/cancel-oracle-review-w2/sub2api-cancel-oracle-review/tests/oracle.test.mjs:138:34)
    Test.runInAsyncScope (node:async_hooks:227:14)
    Test.run (node:internal/test_runner/test:1402:25)
    Test.processPendingSubtests (node:internal/test_runner/test:974:18)
    Test.postRun (node:internal/test_runner/test:1542:19)
    Test.run (node:internal/test_runner/test:1467:12)
    async Test.processPendingSubtests (node:internal/test_runner/test:974:7)
  ...
# Subtest: expiry: acceptance starts at actual expiry callback
not ok 102 - expiry: acceptance starts at actual expiry callback
  ---
  duration_ms: 0.110038
  type: 'test'
  location: '/srv/workers/jobs/review-router-gateway-spike/poc-20260930/workspaces/cancel-oracle-review-w2/sub2api-cancel-oracle-review/tests/oracle.test.mjs:141:51'
  failureType: 'testCodeFailure'
  error: |-
    Expected values to be strictly equal:
    
    'PASS' !== 'FAIL'
    
  code: 'ERR_ASSERTION'
  name: 'AssertionError'
  expected: 'FAIL'
  actual: 'PASS'
  operator: 'strictEqual'
  stack: |-
    TestContext.<anonymous> (file:///srv/workers/jobs/review-router-gateway-spike/poc-20260930/workspaces/cancel-oracle-review-w2/sub2api-cancel-oracle-review/tests/oracle.test.mjs:146:34)
    Test.runInAsyncScope (node:async_hooks:227:14)
    Test.run (node:internal/test_runner/test:1402:25)
    Test.processPendingSubtests (node:internal/test_runner/test:974:18)
    Test.postRun (node:internal/test_runner/test:1542:19)
    Test.run (node:internal/test_runner/test:1467:12)
    async Test.processPendingSubtests (node:internal/test_runner/test:974:7)
  ...
# Subtest: request-expiry: acceptance starts at actual expiry callback
not ok 103 - request-expiry: acceptance starts at actual expiry callback
  ---
  duration_ms: 0.065559
  type: 'test'
  location: '/srv/workers/jobs/review-router-gateway-spike/poc-20260930/workspaces/cancel-oracle-review-w2/sub2api-cancel-oracle-review/tests/oracle.test.mjs:141:51'
  failureType: 'testCodeFailure'
  error: |-
    Expected values to be strictly equal:
    
    'PASS' !== 'FAIL'
    
  code: 'ERR_ASSERTION'
  name: 'AssertionError'
  expected: 'FAIL'
  actual: 'PASS'
  operator: 'strictEqual'
  stack: |-
    TestContext.<anonymous> (file:///srv/workers/jobs/review-router-gateway-spike/poc-20260930/workspaces/cancel-oracle-review-w2/sub2api-cancel-oracle-review/tests/oracle.test.mjs:146:34)
    Test.runInAsyncScope (node:async_hooks:227:14)
    Test.run (node:internal/test_runner/test:1402:25)
    Test.processPendingSubtests (node:internal/test_runner/test:974:18)
    Test.postRun (node:internal/test_runner/test:1542:19)
    Test.run (node:internal/test_runner/test:1467:12)
    async Test.processPendingSubtests (node:internal/test_runner/test:974:7)
  ...
# (node:106) ExperimentalWarning: VM Modules is an experimental feature and might change at any time
# (Use `node --trace-warnings ...` to show where the warning was created)
# Subtest: runner before client: binds real cancellation, physical proof, unchanged hold
ok 104 - runner before client: binds real cancellation, physical proof, unchanged hold
  ---
  duration_ms: 3.149286
  type: 'test'
  ...
# Subtest: runner before revoke: binds real cancellation, physical proof, unchanged hold
ok 105 - runner before revoke: binds real cancellation, physical proof, unchanged hold
  ---
  duration_ms: 2.075773
  type: 'test'
  ...
# Subtest: runner before expiry: binds real cancellation, physical proof, unchanged hold
ok 106 - runner before expiry: binds real cancellation, physical proof, unchanged hold
  ---
  duration_ms: 2.3775
  type: 'test'
  ...
# Subtest: runner after client: binds real cancellation, physical proof, unchanged hold
ok 107 - runner after client: binds real cancellation, physical proof, unchanged hold
  ---
  duration_ms: 1.91248
  type: 'test'
  ...
# Subtest: runner after revoke: binds real cancellation, physical proof, unchanged hold
ok 108 - runner after revoke: binds real cancellation, physical proof, unchanged hold
  ---
  duration_ms: 1.710074
  type: 'test'
  ...
# Subtest: runner after expiry: binds real cancellation, physical proof, unchanged hold
ok 109 - runner after expiry: binds real cancellation, physical proof, unchanged hold
  ---
  duration_ms: 1.823447
  type: 'test'
  ...
# Subtest: runner accepts the request expiry timer as the actual expiry trigger
ok 110 - runner accepts the request expiry timer as the actual expiry trigger
  ---
  duration_ms: 1.726633
  type: 'test'
  ...
# Subtest: runner waits until the source clock reaches 1250ms when a timer returns early
ok 111 - runner waits until the source clock reaches 1250ms when a timer returns early
  ---
  duration_ms: 1.584768
  type: 'test'
  ...
1..111
# tests 111
# suites 0
# pass 93
# fail 18
# cancelled 0
# skipped 0
# todo 0
# duration_ms 90.551236
