✔ B06 concurrent grants idempotent before upstream effects (112.65823ms)
✔ B07 revoked grant denies replay and provider rescope (74.304577ms)
✔ A07 A08 B08 B12 pinned model routes headers and unsupported scopes (102.460718ms)
✔ A03 A09 exact Claude beta query preserves native Messages (86.972081ms)
✔ A04 native structured content cannot change server-pinned identity (90.413331ms)
✔ B09 body request and concurrency limits before effects (347.022556ms)
✔ B10 G03 restart denies stale capabilities replay and ledger failure (136.388996ms)
✔ B11 E06 active stream expiry aborts upstream releases capacity (234.047111ms)
✔ B11 E06 active stream revoke aborts upstream releases capacity (101.530713ms)
✔ C04 membership removal blocks new grants and work (51.752222ms)
✔ A04 A09 native responses two-turn wire preservation (53.51484ms)
✔ A05 A09 native messages two-turn wire preservation (49.900639ms)
✔ A10 E07 large unicode chunks retain bounded transport integrity (64.001128ms)
✔ E01 E09 E12 D02 D08 HTTP errors sanitized with status and count intact (56.374391ms)
✔ E02 terminal-error responses fails terminal validator (46.768873ms)
✔ E03 terminal-error messages fails terminal validator (45.778822ms)
✔ E04 truncate responses fails terminal validator (49.647049ms)
✔ E04 malformed messages fails terminal validator (46.129934ms)
✔ E05 E11 reset bounded failure zero automatic retries (45.821627ms)
✔ E05 E11 slow-headers bounded failure zero automatic retries (145.699429ms)
✔ E05 E11 slow-body bounded failure zero automatic retries (150.25097ms)
✔ E05 E11 partial-reset bounded failure zero automatic retries (54.253226ms)
✔ G06 two concurrent tenant identities select distinct private keys (66.014224ms)
✔ E06 client stream cancellation aborts upstream and allows next request (600.237752ms)
✔ F02 server session stable per grant and isolated across tenants (87.135131ms)
✔ C08 F06 server account-authority revocation cancels only owned workspace (63.561399ms)
✔ C01 C07 D05 account CRUD roundtrip with sanitized responses (193.169917ms)
✔ C02 C03 two tenant guessed IDs and member management denied before admin effects (101.662173ms)
✔ C04 account membership removal and suspension fail closed (28.944305ms)
✔ C06 concurrent update delete stale IDs and durable ownership (246.666268ms)
✔ C09 groups routing restriction drift is observable (68.869948ms)
✔ C10 partial create failure persists recovery_required with no public binding (71.398279ms)
✔ D07 customer unsafe URLs and routing input denied (21.896099ms)
✔ F05 API-key refresh honestly requires OAuth identity (57.350132ms)
✔ C08 account replacement retires old identity and uses rotated server credential (170.498375ms)
✔ A06 successful separate shell-wrapped rules read validates actual source and finding (2.243939ms)
✔ A06 malformed and fabricated financial success fail inherited validator (0.37958ms)
✔ A10 E04 streamed UTF8 and missing native terminal rejected (32.598802ms)
✔ B01 signed new workflow accepted; baseline verifier remains strict (4.060715ms)
✔ B02 forged signature unknown key invalid algorithm denied (79.762255ms)
✔ B03 B04 B05 immutable identity scope and time denial (26.535573ms)
✔ receipt provenance false green and secret field rejection at file boundary (38.848813ms)
ℹ tests 42
ℹ suites 0
ℹ pass 42
ℹ fail 0
ℹ cancelled 0
ℹ skipped 0
ℹ todo 0
ℹ duration_ms 3094.881699
