✔ caller accepts object with real independent reproduction (50.100449ms)
✖ caller accepts canary-shaped array with real independent reproduction (45.805015ms)
ℹ tests 2
ℹ suites 0
ℹ pass 1
ℹ fail 1
ℹ cancelled 0
ℹ skipped 0
ℹ todo 0
ℹ duration_ms 153.972494

✖ failing tests:

test at sub2api-evidence-r2/client-contract.test.mjs:53:3
✖ caller accepts canary-shaped array with real independent reproduction (45.805015ms)
  AssertionError [ERR_ASSERTION]: {"errors":["Spike failed at evidence; inspect effects privately before retry."],"effects":["codex","codex","node"]}
  
  1 !== undefined
  
      at TestContext.<anonymous> (file:///srv/workers/jobs/review-router-gateway-spike/poc-20260930/workspaces/evidence-r3/sub2api-evidence-r2/client-contract.test.mjs:55:12)
      at async Test.run (node:internal/test_runner/test:1409:7)
      at async Test.processPendingSubtests (node:internal/test_runner/test:974:7) {
    generatedMessage: false,
    code: 'ERR_ASSERTION',
    actual: 1,
    expected: undefined,
    operator: 'strictEqual',
    diff: 'simple'
  }
