TAP version 13
# Subtest: caller accepts object with real independent reproduction
ok 1 - caller accepts object with real independent reproduction
  ---
  duration_ms: 66.911357
  type: 'test'
  ...
# Subtest: caller accepts canary-shaped array with real independent reproduction
ok 2 - caller accepts canary-shaped array with real independent reproduction
  ---
  duration_ms: 58.837654
  type: 'test'
  ...
# Subtest: caller accepts actual local Node wallet execution emitting both numeric examples
ok 3 - caller accepts actual local Node wallet execution emitting both numeric examples
  ---
  duration_ms: 103.560281
  type: 'test'
  ...
# Subtest: caller accepts actual run36869316283 JSONL from local wallet plus independent reproduction
ok 4 - caller accepts actual run36869316283 JSONL from local wallet plus independent reproduction
  ---
  duration_ms: 98.066724
  type: 'test'
  ...
# Subtest: caller denies invalid JSONL lines and exact numeric mismatches
ok 5 - caller denies invalid JSONL lines and exact numeric mismatches
  ---
  duration_ms: 384.39653
  type: 'test'
  ...
# Subtest: caller retains reads, terminal, genuine final and successful tool requirements with JSONL
ok 6 - caller retains reads, terminal, genuine final and successful tool requirements with JSONL
  ---
  duration_ms: 409.181054
  type: 'test'
  ...
# Subtest: caller denies bad own proof and independent reproduction mismatch
ok 7 - caller denies bad own proof and independent reproduction mismatch
  ---
  duration_ms: 240.725997
  type: 'test'
  ...
# Subtest: caller denies failed tools, wrong commands, missing separate reads and unsuccessful terminals
ok 8 - caller denies failed tools, wrong commands, missing separate reads and unsuccessful terminals
  ---
  duration_ms: 504.568317
  type: 'test'
  ...
# Subtest: caller denies reasoning-only final, malformed final, agent failure and unsealed import
ok 9 - caller denies reasoning-only final, malformed final, agent failure and unsealed import
  ---
  duration_ms: 14.999089
  type: 'test'
  ...
# Subtest: caller diagnoses parse failures with fixed stderr and no private output
ok 10 - caller diagnoses parse failures with fixed stderr and no private output
  ---
  duration_ms: 8.085953
  type: 'test'
  ...
# Subtest: caller diagnoses absent or nonfinite numeric examples before local execution
ok 11 - caller diagnoses absent or nonfinite numeric examples before local execution
  ---
  duration_ms: 29.001064
  type: 'test'
  ...
# Subtest: caller diagnoses independent wallet rejection and private subprocess failures
ok 12 - caller diagnoses independent wallet rejection and private subprocess failures
  ---
  duration_ms: 62.443902
  type: 'test'
  ...
# Subtest: caller diagnoses exact own numeric matching and completed zero-exit admission
ok 13 - caller diagnoses exact own numeric matching and completed zero-exit admission
  ---
  duration_ms: 429.4134
  type: 'test'
  ...
# Subtest: caller diagnoses final finding, separate exact reads and genuine terminal contract
ok 14 - caller diagnoses final finding, separate exact reads and genuine terminal contract
  ---
  duration_ms: 334.140555
  type: 'test'
  ...
# Subtest: caller diagnoses evidence write without leaking private write error
ok 15 - caller diagnoses evidence write without leaking private write error
  ---
  duration_ms: 44.176946
  type: 'test'
  ...
# Subtest: caller delivers green receipt with minimal standalone Node output contract and HIGH model
ok 16 - caller delivers green receipt with minimal standalone Node output contract and HIGH model
  ---
  duration_ms: 96.564594
  type: 'test'
  ...
# Subtest: RUN_CLIENT_SOURCE binds evidence and its transitive imports to selected source
ok 17 - RUN_CLIENT_SOURCE binds evidence and its transitive imports to selected source
  ---
  duration_ms: 77.644585
  type: 'test'
  ...
# Subtest: numeric proof accepts actual run36869316283 strict JSONL matching either exact example
ok 18 - numeric proof accepts actual run36869316283 strict JSONL matching either exact example
  ---
  duration_ms: 1.228077
  type: 'test'
  ...
# Subtest: strict JSONL consumes every nonblank line as a complete finite numeric object
ok 19 - strict JSONL consumes every nonblank line as a complete finite numeric object
  ---
  duration_ms: 1.677518
  type: 'test'
  ...
# Subtest: strict JSONL compares all three finite fields in one exact example
ok 20 - strict JSONL compares all three finite fields in one exact example
  ---
  duration_ms: 0.287074
  type: 'test'
  ...
# Subtest: strict JSONL retains completed command admission and successful exit gates
ok 21 - strict JSONL retains completed command admission and successful exit gates
  ---
  duration_ms: 0.227671
  type: 'test'
  ...
# Subtest: numeric proof accepts the existing complete JSON object
ok 22 - numeric proof accepts the existing complete JSON object
  ---
  duration_ms: 0.133256
  type: 'test'
  ...
# Subtest: numeric proof accepts canary two-object JSON array matching either reported example
ok 23 - numeric proof accepts canary two-object JSON array matching either reported example
  ---
  duration_ms: 0.182319
  type: 'test'
  ...
# Subtest: numeric proof preserves existing direct and shell-wrapped Node command matching
ok 24 - numeric proof preserves existing direct and shell-wrapped Node command matching
  ---
  duration_ms: 0.219849
  type: 'test'
  ...
# Subtest: numeric proof requires exact finite numbers in all three actual fields
ok 25 - numeric proof requires exact finite numbers in all three actual fields
  ---
  duration_ms: 0.405195
  type: 'test'
  ...
# Subtest: numeric proof parses the complete output and never scans fragments or nested objects
ok 26 - numeric proof parses the complete output and never scans fragments or nested objects
  ---
  duration_ms: 0.262415
  type: 'test'
  ...
# Subtest: numeric proof rejects failed or incomplete tools, reasoning, and wrong commands
ok 27 - numeric proof rejects failed or incomplete tools, reasoning, and wrong commands
  ---
  duration_ms: 0.258154
  type: 'test'
  ...
# Subtest: A06 successful separate shell-wrapped rules read validates actual source and finding
ok 28 - A06 successful separate shell-wrapped rules read validates actual source and finding
  ---
  duration_ms: 0.848588
  type: 'test'
  ...
# Subtest: A06 malformed and fabricated financial success fail inherited validator
ok 29 - A06 malformed and fabricated financial success fail inherited validator
  ---
  duration_ms: 0.20138
  type: 'test'
  ...
# Subtest: A10 E04 streamed UTF8 and missing native terminal rejected
ok 30 - A10 E04 streamed UTF8 and missing native terminal rejected
  ---
  duration_ms: 4.879478
  type: 'test'
  ...
# Subtest: BR04 integrated mismatches deny before any agent effects and receipt
ok 31 - BR04 integrated mismatches deny before any agent effects and receipt
  ---
  duration_ms: 41.569988
  type: 'test'
  ...
# Subtest: BR04 integrated valid binding projects exact identity and preserves high reasoning
ok 32 - BR04 integrated valid binding projects exact identity and preserves high reasoning
  ---
  duration_ms: 4.471581
  type: 'test'
  ...
# Subtest: BR04 model metadata cannot authorize mismatched run
ok 33 - BR04 model metadata cannot authorize mismatched run
  ---
  duration_ms: 2.502377
  type: 'test'
  ...
# Subtest: BR04 receipt still requires successful terminal and numeric financial finding
ok 34 - BR04 receipt still requires successful terminal and numeric financial finding
  ---
  duration_ms: 11.592852
  type: 'test'
  ...
# Subtest: BR04 workflow rejects every mismatched receipt before publication
ok 35 - BR04 workflow rejects every mismatched receipt before publication
  ---
  duration_ms: 10.491681
  type: 'test'
  ...
# Subtest: BR04 caller projects both other supported native mappings
ok 36 - BR04 caller projects both other supported native mappings
  ---
  duration_ms: 8.06991
  type: 'test'
  ...
# Subtest: BR04 unsealed import path aborts before agent effects and receipt
ok 37 - BR04 unsealed import path aborts before agent effects and receipt
  ---
  duration_ms: 3.742053
  type: 'test'
  ...
1..37
# tests 37
# suites 0
# pass 37
# fail 0
# cancelled 0
# skipped 0
# todo 0
# duration_ms 3043.719245
