✔ known native 429 waits exactly Retry-After once; request bytes, redirect and signal retained (3.562321ms)
✔ invalid header null fails without retry (0.605408ms)
✔ invalid header  fails without retry (0.368087ms)
✔ invalid header 0 fails without retry (0.279378ms)
✔ invalid header 01 fails without retry (0.297208ms)
✔ invalid header -1 fails without retry (0.198716ms)
✔ invalid header 1.0 fails without retry (0.631389ms)
✔ invalid header 1e1 fails without retry (1.047126ms)
✔ invalid header 61 fails without retry (0.353175ms)
✔ invalid header 99999999999999999999999 fails without retry (0.568733ms)
✔ invalid header Thu, 01 Oct 2026 18:00:00 GMT fails without retry (0.273847ms)
✔ 401 exactly one dispatch (0.250813ms)
✔ 403 exactly one dispatch (0.109523ms)
✔ 500 exactly one dispatch (0.097082ms)
✔ 503 exactly one dispatch (0.100782ms)
✔ network exactly one dispatch (0.24205ms)
✔ unknown 429 effect no retry (0.302736ms)
✔ second native 429 no third dispatch (0.257072ms)
✔ near zero admission budget no dispatch (0.210232ms)
✔ wait plus normal response cannot fit no retry (0.233907ms)
✔ 60 second header cannot extend original 35 second deadline (0.330347ms)
✔ sleep deadline overrun no retry dispatch (0.364926ms)
✔ body limit preserved (0.421537ms)
✔ code rejection preserved (0.182909ms)
✔ valid boundary 1 waits exactly once (0.259564ms)
✔ valid boundary 60 waits exactly once (0.209073ms)
✔ known 429 with rejected API code cannot retry (0.332926ms)
✔ malformed response cannot retry (0.335292ms)
✔ matrix is exactly 20 opt-in cycles per protocol/lane plus four default controls, unique requests (3.251185ms)
✔ exact numeric owned Redis namespaces and rejection of non-owned IDs (0.714517ms)
✔ real-handler queue shape requires correct lane, pending lease and original first members (1.048134ms)
✔ RED mutations: waiter, pending lease, retained active lease, forced close, late close and duplicate effect all fail (1.206734ms)
✔ deadline counts slow observation overhead and never restarts after timeout (0.849365ms)
✔ deadline also counts assertion overhead after an otherwise timely observation (1.308013ms)
✔ RESP parser handles arbitrary partial frames, null GET, arrays and redacted Redis errors offline (1.291472ms)
✔ Redis snapshot requests only read-only exact keys and rejects malformed real-count replies (1.087066ms)
✔ actual Redis leak cardinalities and near-expiry TTLs remain available for failure evidence (0.791756ms)
✔ late invalid or expiring failure snapshots fail closed without throwing past resource cleanup (0.533533ms)
✔ reused genuine SSE fixtures validate fragmented Responses and Messages healthy terminals (98.801515ms)
✔ actual admin adapter persists trusted opt-in/default, limits and stable native key, journals create before transport (36.529254ms)
✔ responses: actual existing healthy mock remains valid (14.102574ms)
✔ responses: review malformed reproduction fails recovery (0.577554ms)
✔ responses: reject start (1.043958ms)
✔ responses: reject terminal (4.4664ms)
✔ responses: reject usage (4.476056ms)
✔ responses: reject usage-conflict (3.677322ms)
✔ responses: reject id (1.52992ms)
✔ responses: reject delta (1.406699ms)
✔ responses: reject duplicate (3.584977ms)
✔ responses: reject junk (1.719589ms)
✔ responses: reject tool (0.298801ms)
✔ messages: actual existing healthy mock remains valid (0.576056ms)
✔ messages: review malformed reproduction fails recovery (0.107665ms)
✔ messages: reject start (0.452882ms)
✔ messages: reject terminal (0.503941ms)
✔ messages: reject usage (0.501355ms)
✔ messages: reject usage-conflict (0.582933ms)
✔ messages: reject id (0.807407ms)
✔ messages: reject delta (0.236048ms)
✔ messages: reject duplicate (0.492207ms)
✔ messages: reject junk (0.502166ms)
✔ messages: reject tool (0.200056ms)
✔ actual setup retries only native login and preserves default binding, private custody and cleanup (25.892098ms)
✔ actual setup never retries /admin/groups POST429 (3.067132ms)
✔ actual setup never retries /admin/accounts POST429 (4.85666ms)
✔ actual setup never retries /admin/users POST429 (4.613169ms)
✔ actual setup never retries /keys POST429 (5.41822ms)
✔ generated mock creates one native HTTPS server with the existing handler, without a listening socket (67.070499ms)
ℹ tests 68
ℹ suites 0
ℹ pass 68
ℹ fail 0
ℹ cancelled 0
ℹ skipped 0
ℹ todo 0
ℹ duration_ms 251.543917
