✔ known native 429 waits exactly Retry-After once; request bytes, redirect and signal retained (27.18205ms)
✔ invalid header null fails without retry (0.864398ms)
✔ invalid header  fails without retry (2.30835ms)
✔ invalid header 0 fails without retry (0.431582ms)
✔ invalid header 01 fails without retry (0.498159ms)
✔ invalid header -1 fails without retry (0.416794ms)
✔ invalid header 1.0 fails without retry (0.362034ms)
✔ invalid header 1e1 fails without retry (2.404825ms)
✔ invalid header 61 fails without retry (0.430064ms)
✔ invalid header 99999999999999999999999 fails without retry (0.308301ms)
✔ invalid header Thu, 01 Oct 2026 18:00:00 GMT fails without retry (0.149152ms)
✔ 401 exactly one dispatch (0.195259ms)
✔ 403 exactly one dispatch (0.086884ms)
✔ 500 exactly one dispatch (0.062149ms)
✔ 503 exactly one dispatch (0.060933ms)
✔ network exactly one dispatch (0.221723ms)
✔ unknown 429 effect no retry (0.240775ms)
✔ second native 429 no third dispatch (0.244983ms)
✔ near zero admission budget no dispatch (0.173534ms)
✔ wait plus normal response cannot fit no retry (0.164596ms)
✔ 60 second header cannot extend original 35 second deadline (0.21198ms)
✔ sleep deadline overrun no retry dispatch (0.316787ms)
✔ body limit preserved (0.488383ms)
✔ code rejection preserved (0.259933ms)
✔ valid boundary 1 waits exactly once (0.274622ms)
✔ valid boundary 60 waits exactly once (0.1294ms)
✔ known 429 with rejected API code cannot retry (0.212883ms)
✔ malformed response cannot retry (0.221216ms)
✔ matrix is exactly 20 opt-in cycles per protocol/lane plus four default controls, unique requests (1.596716ms)
✔ exact numeric owned Redis namespaces and rejection of non-owned IDs (0.371408ms)
✔ real-handler queue shape requires correct lane, pending lease and original first members (0.524904ms)
✔ RED mutations: waiter, pending lease, retained active lease, forced close, late close and duplicate effect all fail (0.562638ms)
✔ deadline counts slow observation overhead and never restarts after timeout (0.448891ms)
✔ deadline also counts assertion overhead after an otherwise timely observation (0.152133ms)
✔ RESP parser handles arbitrary partial frames, null GET, arrays and redacted Redis errors offline (0.604389ms)
✔ Redis snapshot requests only read-only exact keys and rejects malformed real-count replies (0.568877ms)
✔ actual Redis leak cardinalities and near-expiry TTLs remain available for failure evidence (0.382348ms)
✔ late invalid or expiring failure snapshots fail closed without throwing past resource cleanup (0.625081ms)
✔ reused genuine SSE fixtures validate fragmented Responses and Messages healthy terminals (69.502722ms)
✔ actual admin adapter persists trusted opt-in/default, limits and stable native key, journals create before transport (40.016152ms)
✔ responses: actual existing healthy mock remains valid (7.180101ms)
✔ responses: review malformed reproduction fails recovery (0.288433ms)
✔ responses: reject start (0.912601ms)
✔ responses: reject terminal (4.527076ms)
✔ responses: reject usage (4.365386ms)
✔ responses: reject usage-conflict (3.058462ms)
✔ responses: reject id (1.404944ms)
✔ responses: reject delta (1.341574ms)
✔ responses: reject duplicate (4.277674ms)
✔ responses: reject junk (3.009846ms)
✔ responses: reject tool (0.600157ms)
✔ messages: actual existing healthy mock remains valid (0.833339ms)
✔ messages: review malformed reproduction fails recovery (0.217292ms)
✔ messages: reject start (0.303039ms)
✔ messages: reject terminal (0.495557ms)
✔ messages: reject usage (0.624124ms)
✔ messages: reject usage-conflict (0.507676ms)
✔ messages: reject id (0.412187ms)
✔ messages: reject delta (0.712129ms)
✔ messages: reject duplicate (0.862001ms)
✔ messages: reject junk (0.634665ms)
✔ messages: reject tool (0.213288ms)
✔ actual setup retries only native login and preserves default binding, private custody and cleanup (38.353147ms)
✔ actual setup never retries /admin/groups POST429 (4.759855ms)
✔ actual setup never retries /admin/accounts POST429 (2.998339ms)
✔ actual setup never retries /admin/users POST429 (5.017941ms)
✔ actual setup never retries /keys POST429 (5.530324ms)
✔ generated mock creates one native HTTPS server with the existing handler, without a listening socket (74.78172ms)
ℹ tests 68
ℹ suites 0
ℹ pass 68
ℹ fail 0
ℹ cancelled 0
ℹ skipped 0
ℹ todo 0
ℹ duration_ms 182.681864
