✔ BR05 unavailable telemetry stays unknown in actual roundtrip failure receipt (7.600959ms)
✔ BR05 counters require observed cumulative effects and real drain acknowledgement (0.617114ms)
✔ BR05 independent full DTO gate rejects active grouped foreign or lite templates (1.389382ms)
✔ stock admin create contract is denied before any remote write (1.352928ms)
✔ offline boundary authentic omitted-group fixture completes stock roundtrip (156.844376ms)
✔ offline boundary authentic omitted-group fixture reconciles full stock list and get (254.436216ms)
✔ offline boundary actual in-flight group remap compensates at every promotion await (366.044985ms)
✔ offline boundary replaced deleted credentials templates and membership authority stop promotion (867.88943ms)
✔ offline boundary authority changes during template and credential awaits prevent duplicate (126.205415ms)
✔ offline boundary remapped existing reads exports and mutations compensate before publication (435.1466ms)
✔ offline boundary contradictory null malformed or lite group authority never publishes (3190.088219ms)
✔ offline boundary malformed lite recovery list and contradictory fetchOwned are refused (160.917938ms)
✔ offline boundary uncertain compensation fences current replaced authority durably (116.277094ms)
✔ offline boundary recovery rechecks remaps during list get and promotion (393.941955ms)
✔ offline boundary replacement remap during old retirement compensates new account (286.599177ms)
✔ offline boundary replaced authority during failed compensation revocation remains fenced (134.624977ms)
✔ offline boundary matching group representations and null redacted credentials are valid full DTOs (95.593827ms)
✔ offline boundary prepared template identity and scope mutation cannot duplicate (273.739176ms)
✔ offline boundary acknowledged interrupted promotion retains explicit retire and complete recovery (285.299889ms)
✔ offline consumer trusted probe policy survives preparation copy and update (99.68111ms)
✔ offline consumer unverified installation denies before admin effects (77.069663ms)
✔ offline consumer lost probe flags cannot reach scheduling or publication (1060.188667ms)
✔ A06 successful separate shell-wrapped rules read validates actual source and finding (1.931308ms)
✔ A06 malformed and fabricated financial success fail inherited validator (0.331931ms)
✔ A10 E04 streamed UTF8 and missing native terminal rejected (7.360262ms)
✔ signed verified identity yields only a positive identity receipt (3.541995ms)
✔ spoofed runtime and malformed grant deny before an agent can execute (1.106164ms)
✔ B01 signed new workflow accepted; baseline verifier remains strict (4.10385ms)
✔ B02 forged signature unknown key invalid algorithm denied (51.889173ms)
✔ B03 B04 B05 immutable identity scope and time denial (11.493899ms)
✔ receipt provenance false green and secret field rejection at file boundary (11.353193ms)
✔ BR04 integrated mismatches deny before any agent effects and receipt (22.715299ms)
✔ BR04 integrated valid binding projects exact identity and preserves high reasoning (3.546239ms)
✔ BR04 model metadata cannot authorize mismatched run (2.317397ms)
✔ BR04 receipt still requires successful terminal and numeric financial finding (4.980476ms)
✔ BR04 workflow rejects every mismatched receipt before publication (4.940547ms)
✔ BR04 caller projects both other supported native mappings (3.477149ms)
✔ BR04 unsealed import path aborts before agent effects and receipt (1.440285ms)
✔ uid1001 Actions service and agent cannot serve as control parent (0.653037ms)
✔ clean child environment rejects control tokens and arbitrary overrides (0.595655ms)
✔ fixed control contract validates selectors and token destination (3.771767ms)
✔ fixed control input has a hard byte limit (0.617664ms)
ℹ tests 42
ℹ suites 0
ℹ pass 42
ℹ fail 0
ℹ cancelled 0
ℹ skipped 0
ℹ todo 0
ℹ duration_ms 8492.53635
